../core/Src/syscalls.c:44:28:initialise_monitor_handles	0	static
../core/Src/syscalls.c:48:5:_getpid	0	static
../core/Src/syscalls.c:53:5:_kill	8	static
../core/Src/syscalls.c:61:6:_exit	8	static
../core/Src/syscalls.c:67:27:_read	16	static
../core/Src/syscalls.c:80:27:_write	16	static
../core/Src/syscalls.c:92:28:_close	0	static
../core/Src/syscalls.c:99:28:_fstat	0	static
../core/Src/syscalls.c:106:28:_isatty	0	static
../core/Src/syscalls.c:112:28:_lseek	0	static
../core/Src/syscalls.c:120:28:_open	0	static
../core/Src/syscalls.c:128:28:_wait	8	static
../core/Src/syscalls.c:135:28:_unlink	8	static
../core/Src/syscalls.c:142:28:_times	0	static
../core/Src/syscalls.c:148:28:_stat	0	static
../core/Src/syscalls.c:155:28:_link	8	static
../core/Src/syscalls.c:163:28:_fork	8	static
../core/Src/syscalls.c:169:28:_execve	8	static
